
> webapp@0.1.0 build
> next build

▲ Next.js 16.1.6 (Turbopack)

  Creating an optimized production build ...

> Build error occurred
Error: Turbopack build failed with 1 errors:
./components/ui/select.tsx:4:1
Module not found: Can't resolve 'lucide-react'
[0m [90m 2 |[39m
 [90m 3 |[39m [36mimport[39m [33m*[39m [36mas[39m [33mReact[39m [36mfrom[39m [32m"react"[39m
[31m[1m>[22m[39m[90m 4 |[39m [36mimport[39m { [33mCheckIcon[39m[33m,[39m [33mChevronDownIcon[39m[33m,[39m [33mChevronUpIcon[39m } [36mfrom[39m [32m"lucide-react"[39m
 [90m   |[39m [31m[1m^[22m[39m[31m[1m^[22m[39m[31m[1m^[22m[39m[31m[1m^[22m[39m[31m[1m^[22m[39m[31m[1m^[22m[39m[31m[1m^[22m[39m[31m[1m^[22m[39m[31m[1m^[22m[39m[31m[1m^[22m[39m[31m[1m^[22m[39m[31m[1m^[22m[39m[31m[1m^[22m[39m[31m[1m^[22m[39m[31m[1m^[22m[39m[31m[1m^[22m[39m[31m[1m^[22m[39m[31m[1m^[22m[39m[31m[1m^[22m[39m[31m[1m^[22m[39m[31m[1m^[22m[39m[31m[1m^[22m[39m[31m[1m^[22m[39m[31m[1m^[22m[39m[31m[1m^[22m[39m[31m[1m^[22m[39m[31m[1m^[22m[39m[31m[1m^[22m[39m[31m[1m^[22m[39m[31m[1m^[22m[39m[31m[1m^[22m[39m[31m[1m^[22m[39m[31m[1m^[22m[39m[31m[1m^[22m[39m[31m[1m^[22m[39m[31m[1m^[22m[39m[31m[1m^[22m[39m[31m[1m^[22m[39m[31m[1m^[22m[39m[31m[1m^[22m[39m[31m[1m^[22m[39m[31m[1m^[22m[39m[31m[1m^[22m[39m[31m[1m^[22m[39m[31m[1m^[22m[39m[31m[1m^[22m[39m[31m[1m^[22m[39m[31m[1m^[22m[39m[31m[1m^[22m[39m[31m[1m^[22m[39m[31m[1m^[22m[39m[31m[1m^[22m[39m[31m[1m^[22m[39m[31m[1m^[22m[39m[31m[1m^[22m[39m[31m[1m^[22m[39m[31m[1m^[22m[39m[31m[1m^[22m[39m[31m[1m^[22m[39m[31m[1m^[22m[39m[31m[1m^[22m[39m[31m[1m^[22m[39m[31m[1m^[22m[39m[31m[1m^[22m[39m[31m[1m^[22m[39m[31m[1m^[22m[39m[31m[1m^[22m[39m[31m[1m^[22m[39m[31m[1m^[22m[39m[31m[1m^[22m[39m[31m[1m^[22m[39m[31m[1m^[22m[39m
 [90m 5 |[39m [36mimport[39m { [33mSelect[39m [36mas[39m [33mSelectPrimitive[39m } [36mfrom[39m [32m"radix-ui"[39m
 [90m 6 |[39m
 [90m 7 |[39m [36mimport[39m { cn } [36mfrom[39m [32m"@/lib/utils"[39m[0m



Import traces:
  Client Component Browser:
    ./components/ui/select.tsx [Client Component Browser]
    ./app/contact/ClientContact.tsx [Client Component Browser]
    ./app/contact/ClientContact.tsx [Server Component]
    ./app/contact/page.tsx [Server Component]

  Client Component SSR:
    ./components/ui/select.tsx [Client Component SSR]
    ./app/contact/ClientContact.tsx [Client Component SSR]
    ./app/contact/ClientContact.tsx [Server Component]
    ./app/contact/page.tsx [Server Component]

https://nextjs.org/docs/messages/module-not-found


    at <unknown> (./components/ui/select.tsx:4:1)
    at <unknown> (https://nextjs.org/docs/messages/module-not-found)
